[INFO] Scanning for projects...
[WARNING] 
[WARNING] Some problems were encountered while building the effective model for com.example:quanly:jar:0.0.1-SNAPSHOT
[WARNING] 'dependencies.dependency.(groupId:artifactId:type:classifier)' must be unique: org.springframework.boot:spring-boot-starter-test:jar -> duplicate declaration of version (?) @ line 152, column 15
[WARNING] 'dependencies.dependency.(groupId:artifactId:type:classifier)' must be unique: org.springframework.security:spring-security-test:jar -> duplicate declaration of version (?) @ line 157, column 15
[WARNING] 'dependencies.dependency.(groupId:artifactId:type:classifier)' must be unique: org.springframework.security:spring-security-test:jar -> duplicate declaration of version (?) @ line 174, column 15
[WARNING] 'build.plugins.plugin.(groupId:artifactId)' must be unique but found duplicate declaration of plugin org.apache.maven.plugins:maven-compiler-plugin @ line 217, column 21
[WARNING] 
[WARNING] It is highly recommended to fix these problems because they threaten the stability of your build.
[WARNING] 
[WARNING] For this reason, future Maven versions might no longer support building such malformed projects.
[WARNING] 
[INFO] 
[INFO] -------------------------< com.example:quanly >-------------------------
[INFO] Building quanly 0.0.1-SNAPSHOT
[INFO]   from pom.xml
[INFO] --------------------------------[ jar ]---------------------------------
[INFO] 
[INFO] --- build-helper:3.6.0:add-source (add-source) @ quanly ---
[INFO] Source directory: D:\source\persional\do_an\target\generated-sources\annotations added.
[INFO] 
[INFO] --- resources:3.3.1:resources (default-resources) @ quanly ---
[INFO] Copying 1 resource from src\main\resources to target\classes
[INFO] Copying 3 resources from src\main\resources to target\classes
[INFO] 
[INFO] --- compiler:3.13.0:compile (default-compile) @ quanly ---
[INFO] Recompiling the module because of changed source code.
[INFO] Compiling 129 source files with javac [debug parameters release 17] to target\classes
[INFO] Hibernate/JPA static Metamodel Generator 6.4.1.Final
[INFO] /D:/source/persional/do_an/src/main/java/com/example/quanly/service/BookingService.java: Some input files use or override a deprecated API.
[INFO] /D:/source/persional/do_an/src/main/java/com/example/quanly/service/BookingService.java: Recompile with -Xlint:deprecation for details.
[INFO] /D:/source/persional/do_an/src/main/java/com/example/quanly/service/ForecastService.java: D:\source\persional\do_an\src\main\java\com\example\quanly\service\ForecastService.java uses unchecked or unsafe operations.
[INFO] /D:/source/persional/do_an/src/main/java/com/example/quanly/service/ForecastService.java: Recompile with -Xlint:unchecked for details.
[INFO] -------------------------------------------------------------
[ERROR] COMPILATION ERROR : 
[INFO] -------------------------------------------------------------
[ERROR] /D:/source/persional/do_an/src/main/java/com/example/quanly/service/RecommendationService.java:[34,51] cannot find symbol
  symbol:   method findByProductId(java.lang.Long)
  location: variable subCourtRepository of type com.example.quanly.repository.SubCourtRepository
[INFO] 1 error
[INFO] -------------------------------------------------------------
[INFO] ------------------------------------------------------------------------
[INFO] BUILD FAILURE
[INFO] ------------------------------------------------------------------------
[INFO] Total time:  8.408 s
[INFO] Finished at: 2026-04-15T16:51:59+07:00
[INFO] ------------------------------------------------------------------------
[ERROR] Failed to execute goal org.apache.maven.plugins:maven-compiler-plugin:3.13.0:compile (default-compile) on project quanly: Compilation failure
[ERROR] /D:/source/persional/do_an/src/main/java/com/example/quanly/service/RecommendationService.java:[34,51] cannot find symbol
[ERROR]   symbol:   method findByProductId(java.lang.Long)
[ERROR]   location: variable subCourtRepository of type com.example.quanly.repository.SubCourtRepository
[ERROR] -> [Help 1]
[ERROR] 
[ERROR] To see the full stack trace of the errors, re-run Maven with the -e switch.
[ERROR] Re-run Maven using the -X switch to enable full debug logging.
[ERROR] 
[ERROR] For more information about the errors and possible solutions, please read the following articles:
[ERROR] [Help 1] http://cwiki.apache.org/confluence/display/MAVEN/MojoFailureException
